// Jest Snapshot v1, https://goo.gl/fbAQLP

exports[`Project snapshot 1`] = `null`;
